0x00 BRK None Implied
0x01 ORA Load IndirectX
0x02 JAM None Implied
0x03 SLO Modify IndirectX
0x04 NOP Load ZeroPage
0x05 ORA Load ZeroPage
0x06 ASL_M Modify ZeroPage
0x07 SLO Modify ZeroPage
0x08 PHP None Implied
0x09 ORA Load Immediate
0x0a ASL_A Load Accumulator
0x0b AAC Load Immediate
0x0c NOP Load Absolute
0x0d ORA Load Absolute
0x0e ASL_M Modify Absolute
0x0f SLO Modify Absolute
0x10 BPL Branch Relative
0x11 ORA Load IndirectYRead
0x12 JAM None Implied
0x13 SLO Modify IndirectYWrite
0x14 NOP Load ZeroPageX
0x15 ORA Load ZeroPageX
0x16 ASL_M Modify ZeroPageX
0x17 SLO Modify ZeroPageX
0x18 CLC Load Implied
0x19 ORA Load AbsoluteYRead
0x1a NOP Load Implied
0x1b SLO Modify AbsoluteYWrite
0x1c NOP Load AbsoluteXRead
0x1d ORA Load AbsoluteXRead
0x1e ASL_M Modify AbsoluteXWrite
0x1f SLO Modify AbsoluteXWrite
0x20 JSR Load Absolute
0x21 AND Load IndirectX
0x22 JAM None Implied
0x23 RLA Modify IndirectX
0x24 BIT Load ZeroPage
0x25 AND Load ZeroPage
0x26 ROL_M Modify ZeroPage
0x27 RLA Modify ZeroPage
0x28 PLP None Implied
0x29 AND Load Immediate
0x2a ROL_A Load Accumulator
0x2b AAC Load Immediate
0x2c BIT Load Absolute
0x2d AND Load Absolute
0x2e ROL_M Modify Absolute
0x2f RLA Modify Absolute
0x30 BMI Branch Relative
0x31 AND Load IndirectYRead
0x32 JAM None Implied
0x33 RLA Modify IndirectYWrite
0x34 NOP Load ZeroPageX
0x35 AND Load ZeroPageX
0x36 ROL_M Modify ZeroPageX
0x37 RLA Modify ZeroPageX
0x38 SEC Load Implied
0x39 AND Load AbsoluteYRead
0x3a NOP Load Implied
0x3b RLA Modify AbsoluteYWrite
0x3c NOP Load AbsoluteXRead
0x3d AND Load AbsoluteXRead
0x3e ROL_M Modify AbsoluteXWrite
0x3f RLA Modify AbsoluteXWrite
0x40 RTI None Implied
0x41 EOR Load IndirectX
0x42 JAM None Implied
0x43 SRE Modify IndirectX
0x44 NOP Load ZeroPage
0x45 EOR Load ZeroPage
0x46 LSR_M Modify ZeroPage
0x47 SRE Modify ZeroPage
0x48 PHA None Implied
0x49 EOR Load Immediate
0x4a LSR_A Load Accumulator
0x4b ASR Load Immediate
0x4c JMP None AbsoluteJMP
0x4d EOR Load Absolute
0x4e LSR_M Modify Absolute
0x4f SRE Modify Absolute
0x50 BVC Branch Relative
0x51 EOR Load IndirectYRead
0x52 JAM None Implied
0x53 SRE Modify IndirectYWrite
0x54 NOP Load ZeroPageX
0x55 EOR Load ZeroPageX
0x56 LSR_M Modify ZeroPageX
0x57 SRE Modify ZeroPageX
0x58 CLI Load Implied
0x59 EOR Load AbsoluteYRead
0x5a NOP Load Implied
0x5b SRE Modify AbsoluteYWrite
0x5c NOP Load AbsoluteXRead
0x5d EOR Load AbsoluteXRead
0x5e LSR_M Modify AbsoluteXWrite
0x5f SRE Modify AbsoluteXWrite
0x60 RTS None Implied
0x61 ADC Load IndirectX
0x62 JAM None Implied
0x63 RRA Modify IndirectX
0x64 NOP Load ZeroPage
0x65 ADC Load ZeroPage
0x66 ROR_M Modify ZeroPage
0x67 RRA Modify ZeroPage
0x68 PLA None Implied
0x69 ADC Load Immediate
0x6a ROR_A Load Accumulator
0x6b ARR Load Immediate
0x6c JMP None Indirect
0x6d ADC Load Absolute
0x6e ROR_M Modify Absolute
0x6f RRA Modify Absolute
0x70 BVS Branch Relative
0x71 ADC Load IndirectYRead
0x72 JAM None Implied
0x73 RRA Modify IndirectYWrite
0x74 NOP Load ZeroPageX
0x75 ADC Load ZeroPageX
0x76 ROR_M Modify ZeroPageX
0x77 RRA Modify ZeroPageX
0x78 SEI Load Implied
0x79 ADC Load AbsoluteYRead
0x7a NOP Load Implied
0x7b RRA Modify AbsoluteYWrite
0x7c NOP Load AbsoluteXRead
0x7d ADC Load AbsoluteXRead
0x7e ROR_M Modify AbsoluteXWrite
0x7f RRA Modify AbsoluteXWrite
0x80 NOP Load Immediate
0x81 STA Store IndirectX
0x82 NOP Load Immediate
0x83 AAX Store IndirectX
0x84 STY Store ZeroPage
0x85 STA Store ZeroPage
0x86 STX Store ZeroPage
0x87 AAX Store ZeroPage
0x88 DEY Load Implied
0x89 NOP Load Immediate
0x8a TXA Load Implied
0x8b ANE Load Immediate
0x8c STY Store Absolute
0x8d STA Store Absolute
0x8e STX Store Absolute
0x8f AAX Store Absolute
0x90 BCC Branch Relative
0x91 STA Store IndirectYWrite
0x92 JAM None Implied
0x93 AAX Store IndirectYWrite
0x94 STY Store ZeroPageX
0x95 STA Store ZeroPageX
0x96 STX Store ZeroPageY
0x97 AAX Store ZeroPageY
0x98 TYA Load Implied
0x99 STA Store AbsoluteYWrite
0x9a TXS Load Implied
0x9b TAS Store AbsoluteYWrite
0x9c SYA Store AbsoluteXWrite
0x9d STA Store AbsoluteXWrite
0x9e SXA Store AbsoluteYWrite
0x9f AAX Store AbsoluteYWrite
0xa0 LDY Load Immediate
0xa1 LDA Load IndirectX
0xa2 LDX Load Immediate
0xa3 LAX Load IndirectX
0xa4 LDY Load ZeroPage
0xa5 LDA Load ZeroPage
0xa6 LDX Load ZeroPage
0xa7 LAX Load ZeroPage
0xa8 TAY Load Implied
0xa9 LDA Load Immediate
0xaa TAX Load Implied
0xab ATX Load Immediate
0xac LDY Load Absolute
0xad LDA Load Absolute
0xae LDX Load Absolute
0xaf LAX Load Absolute
0xb0 BCS Branch Relative
0xb1 LDA Load IndirectYRead
0xb2 JAM None Implied
0xb3 LAX Load IndirectYRead
0xb4 LDY Load ZeroPageX
0xb5 LDA Load ZeroPageX
0xb6 LDX Load ZeroPageY
0xb7 LAX Load ZeroPageY
0xb8 CLV Load Implied
0xb9 LDA Load AbsoluteYRead
0xba TSX Load Implied
0xbb LAS Load AbsoluteYRead
0xbc LDY Load AbsoluteXRead
0xbd LDA Load AbsoluteXRead
0xbe LDX Load AbsoluteYRead
0xbf LAX Load AbsoluteYRead
0xc0 CPY Load Immediate
0xc1 CMP Load IndirectX
0xc2 NOP Load Immediate
0xc3 DCP Modify IndirectX
0xc4 CPY Load ZeroPage
0xc5 CMP Load ZeroPage
0xc6 DEC Modify ZeroPage
0xc7 DCP Modify ZeroPage
0xc8 INY Load Implied
0xc9 CMP Load Immediate
0xca DEX Load Implied
0xcb AXS Load Immediate
0xcc CPY Load Absolute
0xcd CMP Load Absolute
0xce DEC Modify Absolute
0xcf DCP Modify Absolute
0xd0 BNE Branch Relative
0xd1 CMP Load IndirectYRead
0xd2 JAM None Implied
0xd3 DCP Modify IndirectYWrite
0xd4 NOP Load ZeroPageX
0xd5 CMP Load ZeroPageX
0xd6 DEC Modify ZeroPageX
0xd7 DCP Modify ZeroPageX
0xd8 CLD Load Implied
0xd9 CMP Load AbsoluteYRead
0xda NOP Load Implied
0xdb DCP Modify AbsoluteYWrite
0xdc NOP Load AbsoluteXRead
0xdd CMP Load AbsoluteXRead
0xde DEC Modify AbsoluteXWrite
0xdf DCP Modify AbsoluteXWrite
0xe0 CPX Load Immediate
0xe1 SBC Load IndirectX
0xe2 NOP Load Immediate
0xe3 ISC Modify IndirectX
0xe4 CPX Load ZeroPage
0xe5 SBC Load ZeroPage
0xe6 INC Modify ZeroPage
0xe7 ISC Modify ZeroPage
0xe8 INX Load Implied
0xe9 SBC Load Immediate
0xea NOP Load Implied
0xeb SBC Load Immediate
0xec CPX Load Absolute
0xed SBC Load Absolute
0xee INC Modify Absolute
0xef ISC Modify Absolute
0xf0 BEQ Branch Relative
0xf1 SBC Load IndirectYRead
0xf2 JAM None Implied
0xf3 ISC Modify IndirectYWrite
0xf4 NOP Load ZeroPageX
0xf5 SBC Load ZeroPageX
0xf6 INC Modify ZeroPageX
0xf7 ISC Modify ZeroPageX
0xf8 SED Load Implied
0xf9 SBC Load AbsoluteYRead
0xfa NOP Load Implied
0xfb ISC Modify AbsoluteYWrite
0xfc NOP Load AbsoluteXRead
0xfd SBC Load AbsoluteXRead
0xfe INC Modify AbsoluteXWrite
0xff ISC Modify AbsoluteXWrite
